// Jest Snapshot v1, https://goo.gl/fbAQLP

exports[`snapshot 1`] = `
<p>
  <strong>
    Alice
  </strong>
   
  <em>
    Hello
  </em>
</p>
`;
